#
# There is insufficient memory for the Java Runtime Environment to continue.
# Native memory allocation (malloc) failed to allocate 1234096 bytes for Chunk::new
# Possible reasons:
#   The system is out of physical RAM or swap space
#   The process is running with CompressedOops enabled, and the Java Heap may be blocking the growth of the native heap
# Possible solutions:
#   Reduce memory load on the system
#   Increase physical memory or swap space
#   Check if swap backing store is full
#   Decrease Java heap size (-Xmx/-Xms)
#   Decrease number of Java threads
#   Decrease Java thread stack sizes (-Xss)
#   Set larger code cache with -XX:ReservedCodeCacheSize=
#   JVM is running with Zero Based Compressed Oops mode in which the Java heap is
#     placed in the first 32GB address space. The Java Heap base address is the
#     maximum limit for the native heap growth. Please use -XX:HeapBaseMinAddress
#     to set the Java Heap base and to place the Java Heap above 32GB virtual address.
# This output file may be truncated or incomplete.
#
#  Out of Memory Error (allocation.cpp:389), pid=37372, tid=0x0000000000004e5c
#
# JRE version: OpenJDK Runtime Environment (8.0_432-b06) (build 1.8.0_432-b06)
# Java VM: OpenJDK 64-Bit Server VM (25.432-b06 mixed mode windows-amd64 compressed oops)
# Failed to write core dump. Minidumps are not enabled by default on client versions of Windows
#

---------------  T H R E A D  ---------------

Current thread (0x0000020d46839800):  JavaThread "C2 CompilerThread0" daemon [_thread_in_native, id=20060, stack(0x00000084fd400000,0x00000084fd500000)]

Stack: [0x00000084fd400000,0x00000084fd500000]
[error occurred during error reporting (printing stack bounds), id 0xc0000005]

Native frames: (J=compiled Java code, j=interpreted, Vv=VM code, C=native code)


Current CompileTask:
C2:   9274 4697       4       org.springframework.core.ResolvableType::forType (115 bytes)


---------------  P R O C E S S  ---------------

Java Threads: ( => current thread )
  0x0000020d48ebc000 JavaThread "surefire-forkedjvm-ping-30s" daemon [_thread_blocked, id=22332, stack(0x00000084fdb00000,0x00000084fdc00000)]
  0x0000020d48e73800 JavaThread "surefire-forkedjvm-command-thread" daemon [_thread_in_native, id=27240, stack(0x00000084fda00000,0x00000084fdb00000)]
  0x0000020d48d10800 JavaThread "Service Thread" daemon [_thread_blocked, id=36412, stack(0x00000084fd800000,0x00000084fd900000)]
  0x0000020d48cfd000 JavaThread "C1 CompilerThread3" daemon [_thread_blocked, id=33260, stack(0x00000084fd700000,0x00000084fd800000)]
  0x0000020d46837000 JavaThread "C2 CompilerThread2" daemon [_thread_in_native, id=25176, stack(0x00000084fd600000,0x00000084fd700000)]
  0x0000020d46833800 JavaThread "C2 CompilerThread1" daemon [_thread_blocked, id=36952, stack(0x00000084fd500000,0x00000084fd600000)]
=>0x0000020d46839800 JavaThread "C2 CompilerThread0" daemon [_thread_in_native, id=20060, stack(0x00000084fd400000,0x00000084fd500000)]
  0x0000020d4682d000 JavaThread "Attach Listener" daemon [_thread_blocked, id=3440, stack(0x00000084fd300000,0x00000084fd400000)]
  0x0000020d46829000 JavaThread "Signal Dispatcher" daemon [_thread_blocked, id=22296, stack(0x00000084fd200000,0x00000084fd300000)]
  0x0000020d46803800 JavaThread "Finalizer" daemon [_thread_blocked, id=33412, stack(0x00000084fd100000,0x00000084fd200000)]
  0x0000020d467f7800 JavaThread "Reference Handler" daemon [_thread_blocked, id=29852, stack(0x00000084fd000000,0x00000084fd100000)]
  0x0000020d2bb28800 JavaThread "main" [_thread_in_vm, id=25236, stack(0x00000084fc400000,0x00000084fc500000)]

Other Threads:
  0x0000020d467c7800 VMThread [stack: 0x00000084fcf00000,0x00000084fd000000] [id=39840]
  0x0000020d48d13000 WatcherThread [stack: 0x00000084fd900000,0x00000084fda00000] [id=5952]

VM state:synchronizing (normal execution)

VM Mutex/Monitor currently owned by a thread:  ([mutex/lock_event])
[0x0000020d2bb24d90] Safepoint_lock - owner thread: 0x0000020d467c7800
[0x0000020d2bb24710] Threads_lock - owner thread: 0x0000020d467c7800

heap address: 0x00000006c4e00000, size: 4018 MB, Compressed Oops mode: Zero based, Oop shift amount: 3
Narrow klass base: 0x0000000000000000, Narrow klass shift: 3
Compressed class space size: 1073741824 Address: 0x00000007c0000000

Heap:
 PSYoungGen      total 244224K, used 223760K [0x000000076c500000, 0x000000077c580000, 0x00000007c0000000)
  eden space 226816K, 93% used [0x000000076c500000,0x0000000779509fb8,0x000000077a280000)
  from space 17408K, 61% used [0x000000077b480000,0x000000077befa090,0x000000077c580000)
  to   space 17920K, 0% used [0x000000077a280000,0x000000077a280000,0x000000077b400000)
 ParOldGen       total 101376K, used 17919K [0x00000006c4e00000, 0x00000006cb100000, 0x000000076c500000)
  object space 101376K, 17% used [0x00000006c4e00000,0x00000006c5f7fe40,0x00000006cb100000)
 Metaspace       used 45818K, capacity 48456K, committed 48592K, reserved 1091584K
  class space    used 6090K, capacity 6570K, committed 6656K, reserved 1048576K

Card table byte_map: [0x0000020d3cad0000,0x0000020d3d2b0000] byte_map_base: 0x0000020d394a9000

Marking Bits: (ParMarkBitMap*) 0x00000000524e48d0
 Begin Bits: [0x0000020d3d7f0000, 0x0000020d416b8000)
 End Bits:   [0x0000020d416b8000, 0x0000020d45580000)

Polling page: 0x0000020d2be40000

CodeCache: size=245760Kb used=15678Kb max_used=15678Kb free=230081Kb
 bounds [0x0000020d2d710000, 0x0000020d2e670000, 0x0000020d3c710000]
 total_blobs=4753 nmethods=4291 adapters=374
 compilation: enabled

Compilation events (10 events):
Event: 8.231 Thread 0x0000020d48cfd000 4754       3       org.springframework.context.support.ApplicationListenerDetector::requiresDestruction (5 bytes)
Event: 8.231 Thread 0x0000020d48cfd000 nmethod 4754 0x0000020d2e61e090 code [0x0000020d2e61e200, 0x0000020d2e61e478]
Event: 8.233 Thread 0x0000020d48cfd000 4755   !   3       org.springframework.beans.factory.support.DefaultSingletonBeanRegistry::addSingleton (65 bytes)
Event: 8.233 Thread 0x0000020d48cfd000 nmethod 4755 0x0000020d2e66ced0 code [0x0000020d2e66d080, 0x0000020d2e66d6c0]
Event: 8.233 Thread 0x0000020d48cfd000 4756       3       org.springframework.beans.factory.support.DefaultSingletonBeanRegistry::beforeSingletonCreation (36 bytes)
Event: 8.233 Thread 0x0000020d48cfd000 nmethod 4756 0x0000020d2e6509d0 code [0x0000020d2e650b60, 0x0000020d2e650f90]
Event: 8.240 Thread 0x0000020d48cfd000 4757       3       java.util.Collections$UnmodifiableMap$UnmodifiableEntrySet$1::hasNext (10 bytes)
Event: 8.241 Thread 0x0000020d48cfd000 nmethod 4757 0x0000020d2e66d9d0 code [0x0000020d2e66db40, 0x0000020d2e66dd70]
Event: 8.241 Thread 0x0000020d48cfd000 4758       3       java.util.Collections$UnmodifiableMap$UnmodifiableEntrySet$1::next (5 bytes)
Event: 8.241 Thread 0x0000020d48cfd000 nmethod 4758 0x0000020d2e66de10 code [0x0000020d2e66dfc0, 0x0000020d2e66e5e0]

GC Heap History (10 events):
Event: 2.838 GC heap before
{Heap before GC invocations=6 (full 1):
 PSYoungGen      total 139776K, used 129024K [0x000000076c500000, 0x0000000775800000, 0x00000007c0000000)
  eden space 129024K, 100% used [0x000000076c500000,0x0000000774300000,0x0000000774300000)
  from space 10752K, 0% used [0x0000000774d80000,0x0000000774d80000,0x0000000775800000)
  to   space 10752K, 0% used [0x0000000774300000,0x0000000774300000,0x0000000774d80000)
 ParOldGen       total 76800K, used 5324K [0x00000006c4e00000, 0x00000006c9900000, 0x000000076c500000)
  object space 76800K, 6% used [0x00000006c4e00000,0x00000006c53330d0,0x00000006c9900000)
 Metaspace       used 28352K, capacity 30200K, committed 30332K, reserved 1075200K
  class space    used 3739K, capacity 4128K, committed 4224K, reserved 1048576K
Event: 4.866 GC heap after
Heap after GC invocations=6 (full 1):
 PSYoungGen      total 139776K, used 10721K [0x000000076c500000, 0x0000000775800000, 0x00000007c0000000)
  eden space 129024K, 0% used [0x000000076c500000,0x000000076c500000,0x0000000774300000)
  from space 10752K, 99% used [0x0000000774300000,0x0000000774d78650,0x0000000774d80000)
  to   space 10752K, 0% used [0x0000000774d80000,0x0000000774d80000,0x0000000775800000)
 ParOldGen       total 76800K, used 8790K [0x00000006c4e00000, 0x00000006c9900000, 0x000000076c500000)
  object space 76800K, 11% used [0x00000006c4e00000,0x00000006c5695808,0x00000006c9900000)
 Metaspace       used 28352K, capacity 30200K, committed 30332K, reserved 1075200K
  class space    used 3739K, capacity 4128K, committed 4224K, reserved 1048576K
}
Event: 5.670 GC heap before
{Heap before GC invocations=7 (full 1):
 PSYoungGen      total 139776K, used 139745K [0x000000076c500000, 0x0000000775800000, 0x00000007c0000000)
  eden space 129024K, 100% used [0x000000076c500000,0x0000000774300000,0x0000000774300000)
  from space 10752K, 99% used [0x0000000774300000,0x0000000774d78650,0x0000000774d80000)
  to   space 10752K, 0% used [0x0000000774d80000,0x0000000774d80000,0x0000000775800000)
 ParOldGen       total 76800K, used 8790K [0x00000006c4e00000, 0x00000006c9900000, 0x000000076c500000)
  object space 76800K, 11% used [0x00000006c4e00000,0x00000006c5695808,0x00000006c9900000)
 Metaspace       used 33766K, capacity 35960K, committed 36048K, reserved 1081344K
  class space    used 4459K, capacity 4850K, committed 4864K, reserved 1048576K
Event: 5.677 GC heap after
Heap after GC invocations=7 (full 1):
 PSYoungGen      total 132096K, used 10740K [0x000000076c500000, 0x000000077d180000, 0x00000007c0000000)
  eden space 121344K, 0% used [0x000000076c500000,0x000000076c500000,0x0000000773b80000)
  from space 10752K, 99% used [0x0000000774d80000,0x00000007757fd0a0,0x0000000775800000)
  to   space 18432K, 0% used [0x0000000773b80000,0x0000000773b80000,0x0000000774d80000)
 ParOldGen       total 76800K, used 13781K [0x00000006c4e00000, 0x00000006c9900000, 0x000000076c500000)
  object space 76800K, 17% used [0x00000006c4e00000,0x00000006c5b75600,0x00000006c9900000)
 Metaspace       used 33766K, capacity 35960K, committed 36048K, reserved 1081344K
  class space    used 4459K, capacity 4850K, committed 4864K, reserved 1048576K
}
Event: 5.705 GC heap before
{Heap before GC invocations=8 (full 1):
 PSYoungGen      total 132096K, used 21632K [0x000000076c500000, 0x000000077d180000, 0x00000007c0000000)
  eden space 121344K, 8% used [0x000000076c500000,0x000000076cfa31b0,0x0000000773b80000)
  from space 10752K, 99% used [0x0000000774d80000,0x00000007757fd0a0,0x0000000775800000)
  to   space 18432K, 0% used [0x0000000773b80000,0x0000000773b80000,0x0000000774d80000)
 ParOldGen       total 76800K, used 13781K [0x00000006c4e00000, 0x00000006c9900000, 0x000000076c500000)
  object space 76800K, 17% used [0x00000006c4e00000,0x00000006c5b75600,0x00000006c9900000)
 Metaspace       used 33813K, capacity 35960K, committed 36048K, reserved 1081344K
  class space    used 4463K, capacity 4850K, committed 4864K, reserved 1048576K
Event: 5.709 GC heap after
Heap after GC invocations=8 (full 1):
 PSYoungGen      total 139776K, used 12985K [0x000000076c500000, 0x000000077c680000, 0x00000007c0000000)
  eden space 121344K, 0% used [0x000000076c500000,0x000000076c500000,0x0000000773b80000)
  from space 18432K, 70% used [0x0000000773b80000,0x000000077482e6f0,0x0000000774d80000)
  to   space 18432K, 0% used [0x000000077b480000,0x000000077b480000,0x000000077c680000)
 ParOldGen       total 76800K, used 13789K [0x00000006c4e00000, 0x00000006c9900000, 0x000000076c500000)
  object space 76800K, 17% used [0x00000006c4e00000,0x00000006c5b77600,0x00000006c9900000)
 Metaspace       used 33813K, capacity 35960K, committed 36048K, reserved 1081344K
  class space    used 4463K, capacity 4850K, committed 4864K, reserved 1048576K
}
Event: 5.709 GC heap before
{Heap before GC invocations=9 (full 2):
 PSYoungGen      total 139776K, used 12985K [0x000000076c500000, 0x000000077c680000, 0x00000007c0000000)
  eden space 121344K, 0% used [0x000000076c500000,0x000000076c500000,0x0000000773b80000)
  from space 18432K, 70% used [0x0000000773b80000,0x000000077482e6f0,0x0000000774d80000)
  to   space 18432K, 0% used [0x000000077b480000,0x000000077b480000,0x000000077c680000)
 ParOldGen       total 76800K, used 13789K [0x00000006c4e00000, 0x00000006c9900000, 0x000000076c500000)
  object space 76800K, 17% used [0x00000006c4e00000,0x00000006c5b77600,0x00000006c9900000)
 Metaspace       used 33813K, capacity 35960K, committed 36048K, reserved 1081344K
  class space    used 4463K, capacity 4850K, committed 4864K, reserved 1048576K
Event: 5.735 GC heap after
Heap after GC invocations=9 (full 2):
 PSYoungGen      total 139776K, used 0K [0x000000076c500000, 0x000000077c680000, 0x00000007c0000000)
  eden space 121344K, 0% used [0x000000076c500000,0x000000076c500000,0x0000000773b80000)
  from space 18432K, 0% used [0x0000000773b80000,0x0000000773b80000,0x0000000774d80000)
  to   space 18432K, 0% used [0x000000077b480000,0x000000077b480000,0x000000077c680000)
 ParOldGen       total 101376K, used 17903K [0x00000006c4e00000, 0x00000006cb100000, 0x000000076c500000)
  object space 101376K, 17% used [0x00000006c4e00000,0x00000006c5f7be40,0x00000006cb100000)
 Metaspace       used 33813K, capacity 35960K, committed 36048K, reserved 1081344K
  class space    used 4463K, capacity 4850K, committed 4864K, reserved 1048576K
}
Event: 6.952 GC heap before
{Heap before GC invocations=10 (full 2):
 PSYoungGen      total 139776K, used 121344K [0x000000076c500000, 0x000000077c680000, 0x00000007c0000000)
  eden space 121344K, 100% used [0x000000076c500000,0x0000000773b80000,0x0000000773b80000)
  from space 18432K, 0% used [0x0000000773b80000,0x0000000773b80000,0x0000000774d80000)
  to   space 18432K, 0% used [0x000000077b480000,0x000000077b480000,0x000000077c680000)
 ParOldGen       total 101376K, used 17903K [0x00000006c4e00000, 0x00000006cb100000, 0x000000076c500000)
  object space 101376K, 17% used [0x00000006c4e00000,0x00000006c5f7be40,0x00000006cb100000)
 Metaspace       used 41401K, capacity 43730K, committed 43984K, reserved 1087488K
  class space    used 5450K, capacity 5879K, committed 5888K, reserved 1048576K
Event: 6.957 GC heap after
Heap after GC invocations=10 (full 2):
 PSYoungGen      total 244224K, used 10728K [0x000000076c500000, 0x000000077c580000, 0x00000007c0000000)
  eden space 226816K, 0% used [0x000000076c500000,0x000000076c500000,0x000000077a280000)
  from space 17408K, 61% used [0x000000077b480000,0x000000077befa090,0x000000077c580000)
  to   space 17920K, 0% used [0x000000077a280000,0x000000077a280000,0x000000077b400000)
 ParOldGen       total 101376K, used 17919K [0x00000006c4e00000, 0x00000006cb100000, 0x000000076c500000)
  object space 101376K, 17% used [0x00000006c4e00000,0x00000006c5f7fe40,0x00000006cb100000)
 Metaspace       used 41401K, capacity 43730K, committed 43984K, reserved 1087488K
  class space    used 5450K, capacity 5879K, committed 5888K, reserved 1048576K
}

Deoptimization events (10 events):
Event: 7.591 Thread 0x0000020d2bb28800 Uncommon trap: reason=bimorphic action=maybe_recompile pc=0x0000020d2e1ea7bc method=java.util.stream.AbstractPipeline.copyIntoWithCancel(Ljava/util/stream/Sink;Ljava/util/Spliterator;)V @ 24
Event: 7.591 Thread 0x0000020d2bb28800 Uncommon trap: reason=class_check action=maybe_recompile pc=0x0000020d2d99d70c method=java.util.stream.MatchOps$1MatchSink.accept(Ljava/lang/Object;)V @ 12
Event: 7.664 Thread 0x0000020d2bb28800 Uncommon trap: reason=unstable_if action=reinterpret pc=0x0000020d2d906414 method=org.springframework.beans.factory.support.AbstractBeanFactory.isTypeMatch(Ljava/lang/String;Lorg/springframework/core/ResolvableType;Z)Z @ 581
Event: 7.719 Thread 0x0000020d2bb28800 Uncommon trap: reason=bimorphic action=maybe_recompile pc=0x0000020d2e1ea798 method=java.util.stream.AbstractPipeline.copyIntoWithCancel(Ljava/util/stream/Sink;Ljava/util/Spliterator;)V @ 19
Event: 7.719 Thread 0x0000020d2bb28800 Uncommon trap: reason=bimorphic action=maybe_recompile pc=0x0000020d2e1ea798 method=java.util.stream.AbstractPipeline.copyIntoWithCancel(Ljava/util/stream/Sink;Ljava/util/Spliterator;)V @ 19
Event: 7.751 Thread 0x0000020d2bb28800 Uncommon trap: reason=loop_limit_check action=maybe_recompile pc=0x0000020d2e4a9bec method=java.util.regex.Pattern$Start.match(Ljava/util/regex/Matcher;ILjava/lang/CharSequence;)Z @ 37
Event: 7.830 Thread 0x0000020d2bb28800 Uncommon trap: reason=unstable_if action=reinterpret pc=0x0000020d2db01f3c method=java.util.concurrent.ConcurrentHashMap.putVal(Ljava/lang/Object;Ljava/lang/Object;Z)Ljava/lang/Object; @ 152
Event: 7.908 Thread 0x0000020d2bb28800 Uncommon trap: reason=unstable_if action=reinterpret pc=0x0000020d2dbcaae0 method=java.util.concurrent.ConcurrentHashMap.transfer([Ljava/util/concurrent/ConcurrentHashMap$Node;[Ljava/util/concurrent/ConcurrentHashMap$Node;)V @ 356
Event: 7.909 Thread 0x0000020d2bb28800 Uncommon trap: reason=unstable_if action=reinterpret pc=0x0000020d2dbb6320 method=java.util.concurrent.ConcurrentHashMap.transfer([Ljava/util/concurrent/ConcurrentHashMap$Node;[Ljava/util/concurrent/ConcurrentHashMap$Node;)V @ 356
Event: 8.265 Thread 0x0000020d2bb28800 Uncommon trap: reason=unstable_if action=reinterpret pc=0x0000020d2ddb9a9c method=java.io.WinNTFileSystem.resolve(Ljava/lang/String;Ljava/lang/String;)Ljava/lang/String; @ 117

Classes redefined (0 events):
No events

Internal exceptions (10 events):
Event: 8.223 Thread 0x0000020d2bb28800 Exception <a 'java/lang/ClassNotFoundException': java/lang/ObjectCustomizer> (0x0000000778f56e50) thrown at [C:\wsjdk\Corretto8Src\installers\windows\zip\corretto-build\buildRoot\hotspot\src\share\vm\classfile\systemDictionary.cpp, line 217]
Event: 8.223 Thread 0x0000020d2bb28800 Exception <a 'java/lang/ClassNotFoundException': org/springframework/boot/autoconfigure/websocket/servlet/WebSocketServletAutoConfiguration$TomcatWebSocketConfigurationCustomizer> (0x0000000778fb1f70) thrown at [C:\wsjdk\Corretto8Src\installers\windows\zi
Event: 8.228 Thread 0x0000020d2bb28800 Exception <a 'java/lang/ClassNotFoundException': java/lang/ObjectCustomizer> (0x0000000778fed128) thrown at [C:\wsjdk\Corretto8Src\installers\windows\zip\corretto-build\buildRoot\hotspot\src\share\vm\classfile\systemDictionary.cpp, line 217]
Event: 8.229 Thread 0x0000020d2bb28800 Exception <a 'java/lang/ClassNotFoundException': org/springframework/boot/autoconfigure/websocket/servlet/TomcatWebSocketServletWebServerCustomizerCustomizer> (0x000000077903ce30) thrown at [C:\wsjdk\Corretto8Src\installers\windows\zip\corretto-build\buil
Event: 8.229 Thread 0x0000020d2bb28800 Exception <a 'java/lang/ClassNotFoundException': org/springframework/boot/web/server/WebServerFactoryCustomizerCustomizer> (0x000000077907a948) thrown at [C:\wsjdk\Corretto8Src\installers\windows\zip\corretto-build\buildRoot\hotspot\src\share\vm\classfile
Event: 8.230 Thread 0x0000020d2bb28800 Exception <a 'java/lang/ClassNotFoundException': org/springframework/core/OrderedCustomizer> (0x00000007790a12a0) thrown at [C:\wsjdk\Corretto8Src\installers\windows\zip\corretto-build\buildRoot\hotspot\src\share\vm\classfile\systemDictionary.cpp, line 21
Event: 8.231 Thread 0x0000020d2bb28800 Exception <a 'java/lang/ClassNotFoundException': java/lang/ObjectCustomizer> (0x00000007790b9a30) thrown at [C:\wsjdk\Corretto8Src\installers\windows\zip\corretto-build\buildRoot\hotspot\src\share\vm\classfile\systemDictionary.cpp, line 217]
Event: 8.231 Thread 0x0000020d2bb28800 Exception <a 'java/lang/ClassNotFoundException': org/springframework/boot/autoconfigure/websocket/servlet/WebSocketServletAutoConfigurationCustomizer> (0x0000000779104f68) thrown at [C:\wsjdk\Corretto8Src\installers\windows\zip\corretto-build\buildRoot\ho
Event: 8.232 Thread 0x0000020d2bb28800 Exception <a 'java/lang/ClassNotFoundException': java/lang/ObjectCustomizer> (0x0000000779119740) thrown at [C:\wsjdk\Corretto8Src\installers\windows\zip\corretto-build\buildRoot\hotspot\src\share\vm\classfile\systemDictionary.cpp, line 217]
Event: 8.232 Thread 0x0000020d2bb28800 Exception <a 'java/lang/ClassNotFoundException': org/springframework/boot/autoconfigure/web/servlet/ServletWebServerFactoryConfiguration$EmbeddedTomcatCustomizer> (0x000000077916b6f0) thrown at [C:\wsjdk\Corretto8Src\installers\windows\zip\corretto-build\

Events (10 events):
Event: 8.251 loading class org/apache/catalina/core/LocalStrings_fr_FR
Event: 8.251 loading class org/apache/catalina/core/LocalStrings_fr_FR done
Event: 8.252 loading class org/apache/catalina/core/AprStatus
Event: 8.252 loading class org/apache/catalina/core/AprStatus done
Event: 8.252 loading class org/apache/tomcat/jni/Library
Event: 8.252 loading class org/apache/tomcat/jni/Library done
Event: 8.254 loading class java/lang/ClassLoaderHelper
Event: 8.254 loading class java/lang/ClassLoaderHelper done
Event: 8.265 Thread 0x0000020d2bb28800 Uncommon trap: trap_request=0xffffff65 fr.pc=0x0000020d2ddb9a9c
Event: 8.265 Thread 0x0000020d2bb28800 DEOPT PACKING pc=0x0000020d2ddb9a9c sp=0x00000084fc4fb5d0


Dynamic libraries:
0x00007ff690a90000 - 0x00007ff690ad6000 	C:\Users\ckasse\.jdks\corretto-1.8.0_432\jre\bin\java.exe
0x00007ffa24200000 - 0x00007ffa24465000 	C:\WINDOWS\SYSTEM32\ntdll.dll
0x00007ffa22030000 - 0x00007ffa220f9000 	C:\WINDOWS\System32\KERNEL32.DLL
0x00007ffa215f0000 - 0x00007ffa219d8000 	C:\WINDOWS\System32\KERNELBASE.dll
0x00007ffa22e00000 - 0x00007ffa22eb3000 	C:\WINDOWS\System32\ADVAPI32.dll
0x00007ffa23db0000 - 0x00007ffa23e59000 	C:\WINDOWS\System32\msvcrt.dll
0x00007ffa21f80000 - 0x00007ffa22026000 	C:\WINDOWS\System32\sechost.dll
0x00007ffa24070000 - 0x00007ffa24185000 	C:\WINDOWS\System32\RPCRT4.dll
0x00007ffa22220000 - 0x00007ffa223ea000 	C:\WINDOWS\System32\USER32.dll
0x00007ffa21d10000 - 0x00007ffa21d37000 	C:\WINDOWS\System32\win32u.dll
0x00007ffa22100000 - 0x00007ffa2212b000 	C:\WINDOWS\System32\GDI32.dll
0x00007ffa219e0000 - 0x00007ffa21b17000 	C:\WINDOWS\System32\gdi32full.dll
0x00007ffa21ec0000 - 0x00007ffa21f63000 	C:\WINDOWS\System32\msvcp_win.dll
0x00007ffa21bc0000 - 0x00007ffa21d0b000 	C:\WINDOWS\System32\ucrtbase.dll
0x00007ffa00c00000 - 0x00007ffa00e9a000 	C:\WINDOWS\WinSxS\amd64_microsoft.windows.common-controls_6595b64144ccf1df_6.0.26100.4202_none_3e0698d4e335f517\COMCTL32.dll
0x00007ffa23f60000 - 0x00007ffa23f90000 	C:\WINDOWS\System32\IMM32.DLL
0x00007ff9fa550000 - 0x00007ff9fa565000 	C:\Users\ckasse\.jdks\corretto-1.8.0_432\jre\bin\vcruntime140.dll
0x00007ff9c7180000 - 0x00007ff9c721b000 	C:\Users\ckasse\.jdks\corretto-1.8.0_432\jre\bin\msvcp140.dll
0x0000000051d00000 - 0x000000005255d000 	C:\Users\ckasse\.jdks\corretto-1.8.0_432\jre\bin\server\jvm.dll
0x00007ffa21f70000 - 0x00007ffa21f78000 	C:\WINDOWS\System32\PSAPI.DLL
0x00007ffa0fbd0000 - 0x00007ffa0fbda000 	C:\WINDOWS\SYSTEM32\WSOCK32.dll
0x00007ffa0aa00000 - 0x00007ffa0aa0b000 	C:\WINDOWS\SYSTEM32\VERSION.dll
0x00007ffa223f0000 - 0x00007ffa22464000 	C:\WINDOWS\System32\WS2_32.dll
0x00007ffa1e990000 - 0x00007ffa1e9c5000 	C:\WINDOWS\SYSTEM32\WINMM.dll
0x00007ffa200a0000 - 0x00007ffa200bb000 	C:\WINDOWS\SYSTEM32\kernel.appcore.dll
0x00007ff9fc490000 - 0x00007ff9fc4a0000 	C:\Users\ckasse\.jdks\corretto-1.8.0_432\jre\bin\verify.dll
0x00007ff9f4fd0000 - 0x00007ff9f4ffb000 	C:\Users\ckasse\.jdks\corretto-1.8.0_432\jre\bin\java.dll
0x00007ff9f9b00000 - 0x00007ff9f9b18000 	C:\Users\ckasse\.jdks\corretto-1.8.0_432\jre\bin\zip.dll
0x00007ffa22480000 - 0x00007ffa22bc2000 	C:\WINDOWS\System32\SHELL32.dll
0x00007ffa21d40000 - 0x00007ffa21eb4000 	C:\WINDOWS\System32\wintypes.dll
0x00007ffa22ec0000 - 0x00007ffa23245000 	C:\WINDOWS\System32\combase.dll
0x00007ffa1ed30000 - 0x00007ffa1f588000 	C:\WINDOWS\SYSTEM32\windows.storage.dll
0x00007ffa239c0000 - 0x00007ffa23ab1000 	C:\WINDOWS\System32\SHCORE.dll
0x00007ffa23bc0000 - 0x00007ffa23c2a000 	C:\WINDOWS\System32\shlwapi.dll
0x00007ffa21230000 - 0x00007ffa2125f000 	C:\WINDOWS\SYSTEM32\profapi.dll
0x00007ff9fc360000 - 0x00007ff9fc36d000 	C:\Users\ckasse\.jdks\corretto-1.8.0_432\jre\bin\management.dll
0x00007ff9f9ad0000 - 0x00007ff9f9aec000 	C:\Users\ckasse\.jdks\corretto-1.8.0_432\jre\bin\net.dll
0x00007ffa205f0000 - 0x00007ffa2065a000 	C:\WINDOWS\system32\mswsock.dll
0x00007ff9f4e00000 - 0x00007ff9f4e13000 	C:\Users\ckasse\.jdks\corretto-1.8.0_432\jre\bin\nio.dll
0x00007ffa00320000 - 0x00007ffa00338000 	C:\WINDOWS\system32\napinsp.dll
0x00007ffa1f930000 - 0x00007ffa1fa57000 	C:\WINDOWS\SYSTEM32\DNSAPI.dll
0x00007ffa1f8a0000 - 0x00007ffa1f8d3000 	C:\WINDOWS\SYSTEM32\IPHLPAPI.DLL
0x00007ffa23c30000 - 0x00007ffa23c3a000 	C:\WINDOWS\System32\NSI.dll
0x00007ff9fe7c0000 - 0x00007ff9fe7d2000 	C:\WINDOWS\System32\winrnr.dll
0x00007ff9fe780000 - 0x00007ff9fe7b0000 	C:\WINDOWS\system32\nlansp_c.dll
0x00007ffa16770000 - 0x00007ffa16790000 	C:\WINDOWS\system32\wshbth.dll
0x00007ffa18dc0000 - 0x00007ffa18dcb000 	C:\Windows\System32\rasadhlp.dll
0x00007ffa1a530000 - 0x00007ffa1a5b6000 	C:\WINDOWS\System32\fwpuclnt.dll
0x00007ff9f4b60000 - 0x00007ff9f4b84000 	C:\Users\ckasse\.jdks\corretto-1.8.0_432\jre\bin\sunec.dll
0x00007ffa209d0000 - 0x00007ffa209eb000 	C:\WINDOWS\SYSTEM32\CRYPTSP.dll
0x00007ffa20000000 - 0x00007ffa2003a000 	C:\WINDOWS\system32\rsaenh.dll
0x00007ffa20690000 - 0x00007ffa206bb000 	C:\WINDOWS\SYSTEM32\USERENV.dll
0x00007ffa21200000 - 0x00007ffa21226000 	C:\WINDOWS\SYSTEM32\bcrypt.dll
0x00007ffa21b20000 - 0x00007ffa21bb9000 	C:\WINDOWS\System32\bcryptprimitives.dll
0x00007ffa20830000 - 0x00007ffa2083c000 	C:\WINDOWS\SYSTEM32\CRYPTBASE.dll
0x00007ffa1a1e0000 - 0x00007ffa1a1ff000 	C:\WINDOWS\SYSTEM32\dhcpcsvc6.DLL
0x00007ffa1a1b0000 - 0x00007ffa1a1d5000 	C:\WINDOWS\SYSTEM32\dhcpcsvc.DLL

VM Arguments:
java_command: C:\Users\ckasse\AppData\Local\Temp\surefire1599946509874293928\surefirebooter8666348789944357977.jar C:\Users\ckasse\AppData\Local\Temp\surefire1599946509874293928 2025-07-04T12-54-24_093-jvmRun1 surefire5465847558783127753tmp surefire_07305097746456478742tmp
java_class_path (initial): C:\Users\ckasse\AppData\Local\Temp\surefire1599946509874293928\surefirebooter8666348789944357977.jar
Launcher Type: SUN_STANDARD

Environment Variables:
JAVA_HOME=C:\Program Files\Java\jdk-17
PATH=C:\Program Files\Common Files\Oracle\Java\javapath;C:\Program Files (x86)\VMware\VMware Workstation\bin\;C:\Python312\Scripts\;C:\Python312\;C:\WINDOWS\system32;C:\WINDOWS;C:\WINDOWS\System32\Wbem;C:\WINDOWS\System32\WindowsPowerShell\v1.0\;C:\WINDOWS\System32\OpenSSH\;C:\Program Files\nodejs\;C:\ProgramData\chocolatey\bin;C:\Program Files\CMake\bin;C:\Program Files\OpenSSL-Win64\bin;C:\Program Files\Java\jdk-17\bin;C:\Program Files\PuTTY\;C:\Program Files\Git\cmd;D:\apache-maven-3.9.9\bin;C:\Users\ckasse\AppData\Local\anaconda3;C:\Users\ckasse\AppData\Local\anaconda3\Library\mingw-w64\bin;C:\Users\ckasse\AppData\Local\anaconda3\Library\usr\bin;C:\Users\ckasse\AppData\Local\anaconda3\Library\bin;C:\Users\ckasse\AppData\Local\anaconda3\Scripts;C:\Users\ckasse\AppData\Local\Microsoft\WindowsApps;C:\Program Files\JetBrains\IntelliJ IDEA 2024.3\bin;;C:\Users\ckasse\AppData\Roaming\npm;D:\flutter\bin;C:\Program Files\OpenSSL-Win64\bin;C:\Users\ckasse\AppData\Local\Pandoc\;C:\Users\ckasse\AppData\Local\Programs\Microsoft VS Code\bin;C:\Program Files\JetBrains\DataGrip 2024.3.3\bin;;C:\Users\ckasse\AppData\Local\Programs\MiKTeX\miktex\bin\x64\;D:\apache-maven-3.9.9\bin;D:\apache-cxf-4.0.3\bin
USERNAME=ckasse
OS=Windows_NT
PROCESSOR_IDENTIFIER=Intel64 Family 6 Model 154 Stepping 4, GenuineIntel



---------------  S Y S T E M  ---------------

OS: Windows 11 , 64 bit Build 26100 (10.0.26100.4202)

CPU:total 12 (initial active 12) (6 cores per cpu, 2 threads per core) family 6 model 154 stepping 4, cmov, cx8, fxsr, mmx, sse, sse2, sse3, ssse3, sse4.1, sse4.2, popcnt, avx, avx2, aes, clmul, erms, 3dnowpref, lzcnt, ht, tsc, tscinvbit, bmi1, bmi2, adx

Memory: 4k page, physical 16453276k(643244k free), swap 36293272k(18968k free)

vm_info: OpenJDK 64-Bit Server VM (25.432-b06) for windows-amd64 JRE (1.8.0_432-b06), built on Oct  9 2024 03:59:20 by "Administrator" with MS VC++ 15.9 (VS2017)

time: Fri Jul  4 12:54:34 2025
timezone: Temps universel coordonné
elapsed time: 9.281415 seconds (0d 0h 0m 9s)

